// Jest Snapshot v1, https://goo.gl/fbAQLP

exports[`example-2 test-1 1`] = `
<section>
  <h1>
    Welcome!
  </h1>
  <bound Child />
</section>
`;
